// Jest Snapshot v1, https://goo.gl/fbAQLP

exports[`Tests for Homepage Should render onto the page 1`] = `
<div
  data-testid="home-page"
  id="home-page"
>
  <header>
    <h1>
      Legendary Murim Shop
    </h1>
  </header>
</div>
`;
